Sending tiny test to solver...
Score: 0hard/0medium/440soft
{
  "status": "success",
  "version": "v2",
  "shift_name": "Morning",
  "period": "2026-02-01 to 2026-02-05",
  "shift_time": "08:00 - 16:00",
  "shift_duration_hours": 8,
  "total_working_days": 5,
  "solver_score": "0hard/0medium/440soft",
  "solver_time_seconds": 30.007,
  "new_assignments_made": 5,
  "entities_planned": 15,
  "total_possible_assignments": 10,
  "skipped_count": 0,
  "override_used": false,
  "ot_threshold_hours": 8,
  "prioritize_permanent": true,
  "active_constraints": [
    {
      "name": "skillMatch",
      "severity": "HARD",
      "value": 100
    },
    {
      "name": "noOverlappingShifts",
      "severity": "HARD"
    },
    {
      "name": "unavailableTimeslot",
      "severity": "HARD"
    },
    {
      "name": "everyShiftPlanned",
      "severity": "MEDIUM"
    },
    {
      "name": "wageOptimization",
      "severity": "SOFT"
    },
    {
      "name": "maxDailyHours",
      "severity": "HARD",
      "value": 8
    },
    {
      "name": "maxWeeklyHours",
      "severity": "HARD",
      "value": 40
    },
    {
      "name": "overtimeThreshold",
      "severity": "SOFT",
      "value": 8
    },
    {
      "name": "breakAfterHours",
      "severity": "HARD",
      "value": 4
    },
    {
      "name": "consecutiveShifts",
      "severity": "HARD"
    },
    {
      "name": "permanentPriority",
      "severity": "SOFT"
    }
  ],
  "breakSchedulesCount": 0,
  "breakConfiguration": {
    "breakAfterHours": 4,
    "breakDurationMinutes": 30,
    "scheduleBreaks": false
  },
  "assignments_by_date": {
    "2026-02-01": [
      {
        "skills": [],
        "employeeName": "Suresh Verma",
        "role": "CNC Operator",
        "employeeType": "Permanent",
        "gender": "Male",
        "rating": 3,
        "regular_hours": 8,
        "employeeId": "106",
        "ot_hours": 0,
        "wage": 14
      }
    ],
    "2026-02-02": [
      {
        "skills": [],
        "employeeName": "Suresh Verma",
        "role": "CNC Operator",
        "employeeType": "Permanent",
        "gender": "Male",
        "rating": 3,
        "regular_hours": 8,
        "employeeId": "106",
        "ot_hours": 0,
        "wage": 14
      }
    ],
    "2026-02-03": [
      {
        "skills": [],
        "employeeName": "Suresh Verma",
        "role": "CNC Operator",
        "employeeType": "Permanent",
        "gender": "Male",
        "rating": 3,
        "regular_hours": 8,
        "employeeId": "106",
        "ot_hours": 0,
        "wage": 14
      }
    ],
    "2026-02-04": [
      {
        "skills": [],
        "employeeName": "Suresh Verma",
        "role": "CNC Operator",
        "employeeType": "Permanent",
        "gender": "Male",
        "rating": 3,
        "regular_hours": 8,
        "employeeId": "106",
        "ot_hours": 0,
        "wage": 14
      }
    ],
    "2026-02-05": [
      {
        "skills": [],
        "employeeName": "Suresh Verma",
        "role": "CNC Operator",
        "employeeType": "Permanent",
        "gender": "Male",
        "rating": 3,
        "regular_hours": 8,
        "employeeId": "106",
        "ot_hours": 0,
        "wage": 14
      }
    ]
  },
  "score_explanation": "Explanation of score (0hard/0medium/440soft):\n    Constraint matches:\n        -1160soft: constraint (wageOptimization) has 10 matches:\n            -120soft: justified with ([com.scheduler.ShiftApp$Scheduler$EmployeeAssignment@34339769])\n            -120soft: justified with ([com.scheduler.ShiftApp$Scheduler$EmployeeAssignment@68793fbb])\n            ...\n        0: constraint (breakAfterHours) has 0 matches:\n        0: constraint (everyShiftPlanned) has 0 matches:\n        0: constraint (maxDailyHours) has 0 matches:\n        0: constraint (maxWeeklyHours) has 0 matches:\n        0: constraint (maxWorkersPerRolePerShift) has 0 matches:\n        0: constraint (noOverlappingShifts) has 0 matches:\n        0: constraint (overtimeThreshold) has 0 matches:\n        0: constraint (skillMatch) has 0 matches:\n        0: constraint (unavailableTimeslot_ratingMismatch) has 0 matches:\n        1600soft: constraint (maximizeRating) has 10 matches:\n            120soft: justified with ([com.scheduler.ShiftApp$Scheduler$EmployeeAssignment@32b61fa4])\n            120soft: justified with ([com.scheduler.ShiftApp$Scheduler$EmployeeAssignment@7843183f])\n            ...\n    Indictments (top 5 of 10):\n        8soft: indicted with (com.scheduler.ShiftApp$Scheduler$EmployeeAssignment@32b61fa4) has 2 matches:\n            -112soft: constraint (wageOptimization)\n            120soft: constraint (maximizeRating)\n        8soft: indicted with (com.scheduler.ShiftApp$Scheduler$EmployeeAssignment@7843183f) has 2 matches:\n            -112soft: constraint (wageOptimization)\n            120soft: constraint (maximizeRating)\n        8soft: indicted with (com.scheduler.ShiftApp$Scheduler$EmployeeAssignment@3b29396f) has 2 matches:\n            -112soft: constraint (wageOptimization)\n            120soft: constraint (maximizeRating)\n        8soft: indicted with (com.scheduler.ShiftApp$Scheduler$EmployeeAssignment@52d1d8ec) has 2 matches:\n            -112soft: constraint (wageOptimization)\n            120soft: constraint (maximizeRating)\n        8soft: indicted with (com.scheduler.ShiftApp$Scheduler$EmployeeAssignment@1bcc40e1) has 2 matches:\n            -112soft: constraint (wageOptimization)\n            120soft: constraint (maximizeRating)\n        ...\n",
  "message": "Successfully assigned shifts (V2 with dynamic constraints)!"
}
